// Jest Snapshot v1, https://goo.gl/fbAQLP

exports[`renders Header correctly 1`] = `
<div>
  <div
    className="sc-bdVaJa dnzJB"
  >
    <img
      alt="logo"
      className="Header-logo"
      src="logo.svg"
      style={
        Object {
          "height": "80px",
        }
      }
    />
    <h2>
      Welcome to redandblue frontend starter
    </h2>
    <h3>
      Implemented with Razzle + After.js
    </h3>
  </div>
  <a
    aria-current={false}
    className={undefined}
    href="/en/"
    onClick={[Function]}
    style={undefined}
  >
    Home
  </a>
   -
  <a
    aria-current={false}
    className={undefined}
    href="/en/about"
    onClick={[Function]}
    style={undefined}
  >
    About
  </a>
   -
  <a
    aria-current={false}
    className={undefined}
    href="/en/terms"
    onClick={[Function]}
    style={undefined}
  >
    Terms
  </a>
</div>
`;
